python : Traceback (most recent call last):
所在位置 行:1 字符: 1
+ python examples\v4_30min_stress_test.py > test_output.txt 2>&1; if($? ...
+ ~~~~~~~~~~~~~~~~~~~~~~~~~~~~~~~~~~~~~~~~~~~~~~~~~~~~~~~~~~~~~~
    + CategoryInfo          : NotSpecified: (Traceback (most recent call last) 
   ::String) [], RemoteException
    + FullyQualifiedErrorId : NativeCommandError
 
  File "E:\Cursor_store\prometheus-v30\examples\v4_30min_stress_test.py", line 
533, in main
    orchestrator.run_30min_test()
    ~~~~~~~~~~~~~~~~~~~~~~~~~~~^^
  File "E:\Cursor_store\prometheus-v30\examples\v4_30min_stress_test.py", line 
216, in run_30min_test
    self._simulate_minute(minute + 1, current_data, current_time, 
current_price)
    
~~~~~~~~~~~~~~~~~~~~~^^^^^^^^^^^^^^^^^^^^^^^^^^^^^^^^^^^^^^^^^^^^^^^^^^^^^^^
  File "E:\Cursor_store\prometheus-v30\examples\v4_30min_stress_test.py", line 
252, in _simulate_minute
    self._evaluate_valhalla()
    ~~~~~~~~~~~~~~~~~~~~~~~^^
  File "E:\Cursor_store\prometheus-v30\examples\v4_30min_stress_test.py", line 
444, in _evaluate_valhalla
    self.valhalla.induct_to_outer_hall(
    ^^^^^^^^^^^^^^^^^^^^^^^^^^^^^^^^^^
AttributeError: 'Valhalla' object has no attribute 'induct_to_outer_hall'

======================================================================
  Prometheus v4.0 - 30鍒嗛挓蹇妭濂忓帇鍔涙祴璇?
======================================================================

寮€濮嬫椂闂? 04:51:10

馃搳 鐢熸垚30鍒嗛挓甯傚満鏁版嵁...
   鍒濆浠锋牸: $49937.58
   鏈€楂樹环鏍? $51014.37
   鏈€浣庝环鏍? $49399.44
   鏈€缁堜环鏍? $49485.66

======================================================================
  鈴?绗?5 鍒嗛挓 | 浠锋牸: $50451.56 | 2024-12-01 09:04:00
======================================================================

馃捈 銆怉gents銆戜氦鏄撴椿鍔?
   娲昏穬Agent: 10/10
   鏈疆浜ゆ槗: 10绗?

馃攽 銆愭潈闄愮郴缁熴€戣瘎浼版洿鏂?
   鍗囩骇: 0 | 闄嶇骇: 0

======================================================================
  鈴?绗?10 鍒嗛挓 | 浠锋牸: $50981.02 | 2024-12-01 09:09:00
======================================================================

馃 銆怣astermind銆戞垬鐣ュ喅绛?
   鉁?鎴樼暐: aggressive
   馃摙 鍏憡: 甯傚満涓婃定锛岄噰鍙栨縺杩涚瓥鐣ワ紝澧炲姞浠撲綅...

馃捈 銆怉gents銆戜氦鏄撴椿鍔?
   娲昏穬Agent: 10/10
   鏈疆浜ゆ槗: 10绗?

馃攽 銆愭潈闄愮郴缁熴€戣瘎浼版洿鏂?
   鍗囩骇: 0 | 闄嶇骇: 0

馃弲 銆愬鐗岀郴缁熴€戦濂栧吀绀?

======================================================================
  鈴?绗?15 鍒嗛挓 | 浠锋牸: $50354.45 | 2024-12-01 09:14:00
======================================================================

馃捈 銆怉gents銆戜氦鏄撴椿鍔?
   娲昏穬Agent: 10/10
   鏈疆浜ゆ槗: 10绗?

馃攽 銆愭潈闄愮郴缁熴€戣瘎浼版洿鏂?
   鍗囩骇: 5 | 闄嶇骇: 0

鈿旓笍  銆怴alhalla銆戣嫳闆勬鍫傝瘎浼?

======================================================================
  鈴?绗?20 鍒嗛挓 | 浠锋牸: $49587.03 | 2024-12-01 09:19:00
======================================================================

馃 銆怣astermind銆戞垬鐣ュ喅绛?
   鉁?鎴樼暐: balanced
   馃摙 鍏憡: 甯傚満闇囪崱锛岄噰鍙栧钩琛＄瓥鐣ワ紝瑙傛湜涓轰富...

馃捈 銆怉gents銆戜氦鏄撴椿鍔?
   娲昏穬Agent: 10/10
   鏈疆浜ゆ槗: 10绗?

馃攽 銆愭潈闄愮郴缁熴€戣瘎浼版洿鏂?
   鍗囩骇: 0 | 闄嶇骇: 0

馃弲 銆愬鐗岀郴缁熴€戦濂栧吀绀?
   馃帠锔? 棰佸彂濂栫墝: 1鏋?

======================================================================
  鈴?绗?25 鍒嗛挓 | 浠锋牸: $49428.24 | 2024-12-01 09:24:00
======================================================================

馃捈 銆怉gents銆戜氦鏄撴椿鍔?
   娲昏穬Agent: 10/10
   鏈疆浜ゆ槗: 10绗?

馃攽 銆愭潈闄愮郴缁熴€戣瘎浼版洿鏂?
   鍗囩骇: 1 | 闄嶇骇: 0

======================================================================
  鈴?绗?30 鍒嗛挓 | 浠锋牸: $49485.66 | 2024-12-01 09:29:00
======================================================================

馃 銆怣astermind銆戞垬鐣ュ喅绛?
   鉁?鎴樼暐: balanced
   馃摙 鍏憡: 甯傚満闇囪崱锛岄噰鍙栧钩琛＄瓥鐣ワ紝瑙傛湜涓轰富...

馃捈 銆怉gents銆戜氦鏄撴椿鍔?
   娲昏穬Agent: 10/10
   鏈疆浜ゆ槗: 10绗?

馃攽 銆愭潈闄愮郴缁熴€戣瘎浼版洿鏂?
   鍗囩骇: 1 | 闄嶇骇: 0

馃弲 銆愬鐗岀郴缁熴€戦濂栧吀绀?
   馃帠锔? 棰佸彂濂栫墝: 2鏋?

鈿旓笍  銆怴alhalla銆戣嫳闆勬鍫傝瘎浼?


鉂?娴嬭瘯鍑洪敊: 'Valhalla' object has no attribute 'induct_to_outer_hall'
